Archive member included to satisfy reference by file (symbol)

c:/program files (x86)/embitz/2.00/share/armgcc/bin/../lib/gcc/arm-none-eabi/9.3.1/thumb/v7-m/nofp\libgcc.a(_aeabi_uldivmod.o)
                              obj\debug\spl\src\delay.o (__aeabi_uldivmod)
c:/program files (x86)/embitz/2.00/share/armgcc/bin/../lib/gcc/arm-none-eabi/9.3.1/thumb/v7-m/nofp\libgcc.a(_udivmoddi4.o)
                              c:/program files (x86)/embitz/2.00/share/armgcc/bin/../lib/gcc/arm-none-eabi/9.3.1/thumb/v7-m/nofp\libgcc.a(_aeabi_uldivmod.o) (__udivmoddi4)
c:/program files (x86)/embitz/2.00/share/armgcc/bin/../lib/gcc/arm-none-eabi/9.3.1/thumb/v7-m/nofp\libgcc.a(_dvmd_tls.o)
                              c:/program files (x86)/embitz/2.00/share/armgcc/bin/../lib/gcc/arm-none-eabi/9.3.1/thumb/v7-m/nofp\libgcc.a(_aeabi_uldivmod.o) (__aeabi_ldiv0)
c:/program files (x86)/embitz/2.00/share/armgcc/bin/../lib/gcc/arm-none-eabi/9.3.1/../../../../arm-none-eabi/lib/thumb/v7-m/nofp\libg_nano.a(lib_a-exit.o)
                              c:/program files (x86)/embitz/2.00/share/armgcc/bin/../lib/gcc/arm-none-eabi/9.3.1/../../../../arm-none-eabi/lib/thumb/v7-m/nofp/crt0.o (exit)
c:/program files (x86)/embitz/2.00/share/armgcc/bin/../lib/gcc/arm-none-eabi/9.3.1/../../../../arm-none-eabi/lib/thumb/v7-m/nofp\libg_nano.a(lib_a-impure.o)
                              c:/program files (x86)/embitz/2.00/share/armgcc/bin/../lib/gcc/arm-none-eabi/9.3.1/../../../../arm-none-eabi/lib/thumb/v7-m/nofp\libg_nano.a(lib_a-exit.o) (_global_impure_ptr)
c:/program files (x86)/embitz/2.00/share/armgcc/bin/../lib/gcc/arm-none-eabi/9.3.1/../../../../arm-none-eabi/lib/thumb/v7-m/nofp\libg_nano.a(lib_a-init.o)
                              c:/program files (x86)/embitz/2.00/share/armgcc/bin/../lib/gcc/arm-none-eabi/9.3.1/../../../../arm-none-eabi/lib/thumb/v7-m/nofp/crt0.o (__libc_init_array)
c:/program files (x86)/embitz/2.00/share/armgcc/bin/../lib/gcc/arm-none-eabi/9.3.1/../../../../arm-none-eabi/lib/thumb/v7-m/nofp\libg_nano.a(lib_a-memset.o)
                              c:/program files (x86)/embitz/2.00/share/armgcc/bin/../lib/gcc/arm-none-eabi/9.3.1/../../../../arm-none-eabi/lib/thumb/v7-m/nofp/crt0.o (memset)
c:/program files (x86)/embitz/2.00/share/armgcc/bin/../lib/gcc/arm-none-eabi/9.3.1/../../../../arm-none-eabi/lib/thumb/v7-m/nofp\libg_nano.a(lib_a-printf.o)
                              obj\debug\src\main.o (printf)
c:/program files (x86)/embitz/2.00/share/armgcc/bin/../lib/gcc/arm-none-eabi/9.3.1/../../../../arm-none-eabi/lib/thumb/v7-m/nofp\libg_nano.a(lib_a-sprintf.o)
                              obj\debug\src\main.o (sprintf)
c:/program files (x86)/embitz/2.00/share/armgcc/bin/../lib/gcc/arm-none-eabi/9.3.1/../../../../arm-none-eabi/lib/thumb/v7-m/nofp\libg_nano.a(lib_a-strchr.o)
                              obj\debug\src\main.o (strchr)
c:/program files (x86)/embitz/2.00/share/armgcc/bin/../lib/gcc/arm-none-eabi/9.3.1/../../../../arm-none-eabi/lib/thumb/v7-m/nofp\libg_nano.a(lib_a-strcpy.o)
                              obj\debug\src\main.o (strcpy)
c:/program files (x86)/embitz/2.00/share/armgcc/bin/../lib/gcc/arm-none-eabi/9.3.1/../../../../arm-none-eabi/lib/thumb/v7-m/nofp\libg_nano.a(lib_a-strlen.o)
                              obj\debug\spl\src\flash.o (strlen)
c:/program files (x86)/embitz/2.00/share/armgcc/bin/../lib/gcc/arm-none-eabi/9.3.1/../../../../arm-none-eabi/lib/thumb/v7-m/nofp\libg_nano.a(lib_a-strstr.o)
                              obj\debug\src\main.o (strstr)
c:/program files (x86)/embitz/2.00/share/armgcc/bin/../lib/gcc/arm-none-eabi/9.3.1/../../../../arm-none-eabi/lib/thumb/v7-m/nofp\libg_nano.a(lib_a-findfp.o)
                              c:/program files (x86)/embitz/2.00/share/armgcc/bin/../lib/gcc/arm-none-eabi/9.3.1/../../../../arm-none-eabi/lib/thumb/v7-m/nofp\libg_nano.a(lib_a-printf.o) (__sinit)
c:/program files (x86)/embitz/2.00/share/armgcc/bin/../lib/gcc/arm-none-eabi/9.3.1/../../../../arm-none-eabi/lib/thumb/v7-m/nofp\libg_nano.a(lib_a-fwalk.o)
                              c:/program files (x86)/embitz/2.00/share/armgcc/bin/../lib/gcc/arm-none-eabi/9.3.1/../../../../arm-none-eabi/lib/thumb/v7-m/nofp\libg_nano.a(lib_a-findfp.o) (_fwalk)
c:/program files (x86)/embitz/2.00/share/armgcc/bin/../lib/gcc/arm-none-eabi/9.3.1/../../../../arm-none-eabi/lib/thumb/v7-m/nofp\libg_nano.a(lib_a-lock.o)
                              c:/program files (x86)/embitz/2.00/share/armgcc/bin/../lib/gcc/arm-none-eabi/9.3.1/../../../../arm-none-eabi/lib/thumb/v7-m/nofp\libg_nano.a(lib_a-findfp.o) (__retarget_lock_init_recursive)
c:/program files (x86)/embitz/2.00/share/armgcc/bin/../lib/gcc/arm-none-eabi/9.3.1/../../../../arm-none-eabi/lib/thumb/v7-m/nofp\libg_nano.a(lib_a-nano-mallocr.o)
                              c:/program files (x86)/embitz/2.00/share/armgcc/bin/../lib/gcc/arm-none-eabi/9.3.1/../../../../arm-none-eabi/lib/thumb/v7-m/nofp\libg_nano.a(lib_a-findfp.o) (_malloc_r)
[...]
Memory Configuration

Name             Origin             Length             Attributes
ROM              0x08000000         0x00010000         xr
RAM              0x20000000         0x00005000         xrw
*default*        0x00000000         0xffffffff

Linker script and memory map

LOAD c:/program files (x86)/embitz/2.00/share/armgcc/bin/../lib/gcc/arm-none-eabi/9.3.1/thumb/v7-m/nofp/crti.o
LOAD c:/program files (x86)/embitz/2.00/share/armgcc/bin/../lib/gcc/arm-none-eabi/9.3.1/thumb/v7-m/nofp/crtbegin.o
LOAD c:/program files (x86)/embitz/2.00/share/armgcc/bin/../lib/gcc/arm-none-eabi/9.3.1/../../../../arm-none-eabi/lib/thumb/v7-m/nofp/crt0.o
                0x00000000                __HEAP_SIZE = 0x0
                0x00000100                __STACK_SIZE = 0x100

.text           0x08000000     0x2638
 *(.isr_vector)
 .isr_vector    0x08000000       0xec obj\debug\src\startup_stm32f10x_md.o
                0x08000000                __isr_vector
 *(.text*)
 .text          0x080000ec       0x40 c:/program files (x86)/embitz/2.00/share/armgcc/bin/../lib/gcc/arm-none-eabi/9.3.1/thumb/v7-m/nofp/crtbegin.o
 .text          0x0800012c       0x7c c:/program files (x86)/embitz/2.00/share/armgcc/bin/../lib/gcc/arm-none-eabi/9.3.1/../../../../arm-none-eabi/lib/thumb/v7-m/nofp/crt0.o
                0x0800012c                _stack_init
                0x08000134                _start
                0x08000134                _mainCRTStartup
 .text.SysTick_Handler
                0x080001a8       0x1c obj\debug\spl\src\delay.o
                0x080001a8                SysTick_Handler
 .text.UART1_Init_A9A10
                0x080001c4       0xa8 obj\debug\spl\src\driver_uart.o
                0x080001c4                UART1_Init_A9A10
 .text._write   0x0800026c       0x4c obj\debug\spl\src\driver_uart.o
                0x0800026c                _write
 .text.UART3_Config
                0x080002b8       0xac obj\debug\spl\src\driver_uart.o
                0x080002b8                UART3_Config
 .text.UART_SendChar
                0x08000364       0x38 obj\debug\spl\src\driver_uart.o
                0x08000364                UART_SendChar
 .text.UART_PutStr
                0x0800039c       0x30 obj\debug\spl\src\driver_uart.o
                0x0800039c                UART_PutStr
 .text.USART_GetChar
                0x080003cc       0x2c obj\debug\spl\src\driver_uart.o
                0x080003cc                USART_GetChar
 .text.USART3_IRQHandler
                0x080003f8       0x50 obj\debug\spl\src\driver_uart.o
                0x080003f8                USART3_IRQHandler
 .text.USART1_IRQHandler
                0x08000448       0x60 obj\debug\spl\src\driver_uart.o
                0x08000448                USART1_IRQHandler
 .text.NVIC_Init
                0x080004a8       0xc4 obj\debug\spl\src\misc.o
                0x080004a8                NVIC_Init
 .text.GPIO_Init
                0x0800056c      0x178 obj\debug\spl\src\stm32f10x_gpio.o
                0x0800056c                GPIO_Init
 .text.GPIO_ReadInputDataBit
                0x080006e4       0x32 obj\debug\spl\src\stm32f10x_gpio.o
                0x080006e4                GPIO_ReadInputDataBit
 .text.GPIO_SetBits
                0x08000716       0x1c obj\debug\spl\src\stm32f10x_gpio.o
                0x08000716                GPIO_SetBits
 .text.GPIO_ResetBits
                0x08000732       0x1c obj\debug\spl\src\stm32f10x_gpio.o
                0x08000732                GPIO_ResetBits
 *fill*         0x0800074e        0x2 
 .text.RCC_GetClocksFreq
                0x08000750      0x16c obj\debug\spl\src\stm32f10x_rcc.o
                0x08000750                RCC_GetClocksFreq
 .text.RCC_APB2PeriphClockCmd
                0x080008bc       0x3c obj\debug\spl\src\stm32f10x_rcc.o
                0x080008bc                RCC_APB2PeriphClockCmd
 .text.RCC_APB1PeriphClockCmd
                0x080008f8       0x3c obj\debug\spl\src\stm32f10x_rcc.o
                0x080008f8                RCC_APB1PeriphClockCmd
 .text.USART_Init
                0x08000934      0x174 obj\debug\spl\src\stm32f10x_usart.o
                0x08000934                USART_Init
 .text.USART_Cmd
                0x08000aa8       0x3e obj\debug\spl\src\stm32f10x_usart.o
                0x08000aa8                USART_Cmd
 .text.USART_ITConfig
                0x08000ae6       0x8e obj\debug\spl\src\stm32f10x_usart.o
                0x08000ae6                USART_ITConfig
 .text.USART_SendData
                0x08000b74       0x22 obj\debug\spl\src\stm32f10x_usart.o
                0x08000b74                USART_SendData
 .text.USART_ReceiveData
                0x08000b96       0x1e obj\debug\spl\src\stm32f10x_usart.o
                0x08000b96                USART_ReceiveData
 .text.USART_GetFlagStatus
                0x08000bb4       0x36 obj\debug\spl\src\stm32f10x_usart.o
                0x08000bb4                USART_GetFlagStatus
 *fill*         0x08000bea        0x2 
 .text.Gpio_Init
                0x08000bec       0x6c obj\debug\src\main.o
                0x08000bec                Gpio_Init
 .text.Button_Detect_Event
                0x08000c58       0x4a obj\debug\src\main.o
                0x08000c58                Button_Detect_Event
 .text.Process_Message
                0x08000ca2       0xcc obj\debug\src\main.o
                0x08000ca2                Process_Message
 *fill*         0x08000d6e        0x2 
 .text.Task_Pair_Connect
                0x08000d70       0x50 obj\debug\src\main.o
                0x08000d70                Task_Pair_Connect
 .text.main     0x08000dc0      0x1b8 obj\debug\src\main.o
                0x08000dc0                main
 .text          0x08000f78       0xb8 obj\debug\src\startup_stm32f10x_md.o
                0x08000f78                Reset_Handler
                0x08000fbe                NMI_Handler
                0x08000fc0                HardFault_Handler
                0x08000fc2                MemManage_Handler
                0x08000fc4                BusFault_Handler
                0x08000fc6                UsageFault_Handler
                0x08000fc8                SVC_Handler
                0x08000fca                DebugMon_Handler
                0x08000fcc                PendSV_Handler
                0x08000fd0                Default_Handler
                0x08000fd2                WWDG_IRQHandler
                0x08000fd4                PVD_IRQHandler
                0x08000fd6                TAMPER_IRQHandler
                0x08000fd8                RTC_IRQHandler
                0x08000fda                FLASH_IRQHandler
                0x08000fdc                RCC_IRQHandler
                0x08000fde                EXTI0_IRQHandler
                0x08000fe0                EXTI1_IRQHandler
                0x08000fe2                EXTI2_IRQHandler
                0x08000fe4                EXTI3_IRQHandler
                0x08000fe6                EXTI4_IRQHandler
                0x08000fe8                DMA1_Channel1_IRQHandler
                0x08000fea                DMA1_Channel2_IRQHandler
                0x08000fec                DMA1_Channel3_IRQHandler
                0x08000fee                DMA1_Channel4_IRQHandler
                0x08000ff0                DMA1_Channel5_IRQHandler
                0x08000ff2                DMA1_Channel6_IRQHandler
                0x08000ff4                DMA1_Channel7_IRQHandler
                0x08000ff6                ADC1_2_IRQHandler
                0x08000ff8                USB_HP_CAN1_TX_IRQHandler
                0x08000ffa                USB_LP_CAN1_RX0_IRQHandler
                0x08000ffc                CAN1_RX1_IRQHandler
                0x08000ffe                CAN1_SCE_IRQHandler
                0x08001000                EXTI9_5_IRQHandler
                0x08001002                TIM1_BRK_IRQHandler
                0x08001004                TIM1_UP_IRQHandler
                0x08001006                TIM1_TRG_COM_IRQHandler
                0x08001008                TIM1_CC_IRQHandler
                0x0800100a                TIM2_IRQHandler
                0x0800100c                TIM3_IRQHandler
                0x0800100e                TIM4_IRQHandler
                0x08001010                I2C1_EV_IRQHandler
                0x08001012                I2C1_ER_IRQHandler
                0x08001014                I2C2_EV_IRQHandler
                0x08001016                I2C2_ER_IRQHandler
                0x08001018                SPI1_IRQHandler
                0x0800101a                SPI2_IRQHandler
                0x0800101e                USART2_IRQHandler
                0x08001022                EXTI15_10_IRQHandler
                0x08001024                RTCAlarm_IRQHandler
                0x08001026                USBWakeUp_IRQHandler
 .text.SystemInit
                0x08001030       0x68 obj\debug\src\system_stm32f10x.o
                0x08001030                SystemInit
 .text.SetSysClock
                0x08001098        0xc obj\debug\src\system_stm32f10x.o
 .text.SetSysClockTo72
                0x080010a4      0x100 obj\debug\src\system_stm32f10x.o
 .text.exit     0x080011a4       0x28 c:/program files (x86)/embitz/2.00/share/armgcc/bin/../lib/gcc/arm-none-eabi/9.3.1/../../../../arm-none-eabi/lib/thumb/v7-m/nofp\libg_nano.a(lib_a-exit.o)
                0x080011a4                exit
 .text.__libc_init_array
                0x080011cc       0x48 c:/program files (x86)/embitz/2.00/share/armgcc/bin/../lib/gcc/arm-none-eabi/9.3.1/../../../../arm-none-eabi/lib/thumb/v7-m/nofp\libg_nano.a(lib_a-init.o)
                0x080011cc                __libc_init_array
 .text.memset   0x08001214       0x10 c:/program files (x86)/embitz/2.00/share/armgcc/bin/../lib/gcc/arm-none-eabi/9.3.1/../../../../arm-none-eabi/lib/thumb/v7-m/nofp\libg_nano.a(lib_a-memset.o)
                0x08001214                memset
 .text.printf   0x08001224       0x30 c:/program files (x86)/embitz/2.00/share/armgcc/bin/../lib/gcc/arm-none-eabi/9.3.1/../../../../arm-none-eabi/lib/thumb/v7-m/nofp\libg_nano.a(lib_a-printf.o)
                0x08001224                iprintf
                0x08001224                printf
 .text.sprintf  0x08001254       0x40 c:/program files (x86)/embitz/2.00/share/armgcc/bin/../lib/gcc/arm-none-eabi/9.3.1/../../../../arm-none-eabi/lib/thumb/v7-m/nofp\libg_nano.a(lib_a-sprintf.o)
                0x08001254                siprintf
                0x08001254                sprintf
 .text.strchr   0x08001294       0x1a c:/program files (x86)/embitz/2.00/share/armgcc/bin/../lib/gcc/arm-none-eabi/9.3.1/../../../../arm-none-eabi/lib/thumb/v7-m/nofp\libg_nano.a(lib_a-strchr.o)
                0x08001294                strchr
 .text.strcpy   0x080012ae       0x10 c:/program files (x86)/embitz/2.00/share/armgcc/bin/../lib/gcc/arm-none-eabi/9.3.1/../../../../arm-none-eabi/lib/thumb/v7-m/nofp\libg_nano.a(lib_a-strcpy.o)
                0x080012ae                strcpy
 .text          0x080012be       0x10 c:/program files (x86)/embitz/2.00/share/armgcc/bin/../lib/gcc/arm-none-eabi/9.3.1/../../../../arm-none-eabi/lib/thumb/v7-m/nofp\libg_nano.a(lib_a-strlen.o)
                0x080012be                strlen
 .text.strstr   0x080012ce       0x2e c:/program files (x86)/embitz/2.00/share/armgcc/bin/../lib/gcc/arm-none-eabi/9.3.1/../../../../arm-none-eabi/lib/thumb/v7-m/nofp\libg_nano.a(lib_a-strstr.o)
                0x080012ce                strstr
 .text.std      0x080012fc       0x48 c:/program files (x86)/embitz/2.00/share/armgcc/bin/../lib/gcc/arm-none-eabi/9.3.1/../../../../arm-none-eabi/lib/thumb/v7-m/nofp\libg_nano.a(lib_a-findfp.o)
 .text._cleanup_r
                0x08001344        0xc c:/program files (x86)/embitz/2.00/share/armgcc/bin/../lib/gcc/arm-none-eabi/9.3.1/../../../../arm-none-eabi/lib/thumb/v7-m/nofp\libg_nano.a(lib_a-findfp.o)
                0x08001344                _cleanup_r
 .text.__sfmoreglue
                0x08001350       0x2c c:/program files (x86)/embitz/2.00/share/armgcc/bin/../lib/gcc/arm-none-eabi/9.3.1/../../../../arm-none-eabi/lib/thumb/v7-m/nofp\libg_nano.a(lib_a-findfp.o)
                0x08001350                __sfmoreglue
 .text.__sfp_lock_acquire
                0x0800137c        0xc c:/program files (x86)/embitz/2.00/share/armgcc/bin/../lib/gcc/arm-none-eabi/9.3.1/../../../../arm-none-eabi/lib/thumb/v7-m/nofp\libg_nano.a(lib_a-findfp.o)
                0x0800137c                __sfp_lock_acquire
 .text.__sfp_lock_release
                0x08001388        0xc c:/program files (x86)/embitz/2.00/share/armgcc/bin/../lib/gcc/arm-none-eabi/9.3.1/../../../../arm-none-eabi/lib/thumb/v7-m/nofp\libg_nano.a(lib_a-findfp.o)
                0x08001388                __sfp_lock_release
 .text.__sinit_lock_acquire
                0x08001394        0xc c:/program files (x86)/embitz/2.00/share/armgcc/bin/../lib/gcc/arm-none-eabi/9.3.1/../../../../arm-none-eabi/lib/thumb/v7-m/nofp\libg_nano.a(lib_a-findfp.o)
                0x08001394                __sinit_lock_acquire
 .text.__sinit_lock_release
                0x080013a0        0xc c:/program files (x86)/embitz/2.00/share/armgcc/bin/../lib/gcc/arm-none-eabi/9.3.1/../../../../arm-none-eabi/lib/thumb/v7-m/nofp\libg_nano.a(lib_a-findfp.o)
                0x080013a0                __sinit_lock_release
 .text.__sinit  0x080013ac       0x70 c:/program files (x86)/embitz/2.00/share/armgcc/bin/../lib/gcc/arm-none-eabi/9.3.1/../../../../arm-none-eabi/lib/thumb/v7-m/nofp\libg_nano.a(lib_a-findfp.o)
                0x080013ac                __sinit
 .text.__sfp    0x0800141c       0x8c c:/program files (x86)/embitz/2.00/share/armgcc/bin/../lib/gcc/arm-none-eabi/9.3.1/../../../../arm-none-eabi/lib/thumb/v7-m/nofp\libg_nano.a(lib_a-findfp.o)
                0x0800141c                __sfp
 .text._fwalk_reent
                0x080014a8       0x3e c:/program files (x86)/embitz/2.00/share/armgcc/bin/../lib/gcc/arm-none-eabi/9.3.1/../../../../arm-none-eabi/lib/thumb/v7-m/nofp\libg_nano.a(lib_a-fwalk.o)
                0x080014a8                _fwalk_reent
 .text.__retarget_lock_init_recursive
                0x080014e6        0x2 c:/program files (x86)/embitz/2.00/share/armgcc/bin/../lib/gcc/arm-none-eabi/9.3.1/../../../../arm-none-eabi/lib/thumb/v7-m/nofp\libg_nano.a(lib_a-lock.o)
                0x080014e6                __retarget_lock_init_recursive
 .text.__retarget_lock_acquire_recursive
                0x080014e8        0x2 c:/program files (x86)/embitz/2.00/share/armgcc/bin/../lib/gcc/arm-none-eabi/9.3.1/../../../../arm-none-eabi/lib/thumb/v7-m/nofp\libg_nano.a(lib_a-lock.o)
                0x080014e8                __retarget_lock_acquire_recursive
 .text.__retarget_lock_release_recursive
                0x080014ea        0x2 c:/program files (x86)/embitz/2.00/share/armgcc/bin/../lib/gcc/arm-none-eabi/9.3.1/../../../../arm-none-eabi/lib/thumb/v7-m/nofp\libg_nano.a(lib_a-lock.o)
                0x080014ea                __retarget_lock_release_recursive
 .text._malloc_r
                0x080014ec       0xb4 c:/program files (x86)/embitz/2.00/share/armgcc/bin/../lib/gcc/arm-none-eabi/9.3.1/../../../../arm-none-eabi/lib/thumb/v7-m/nofp\libg_nano.a(lib_a-nano-mallocr.o)
                0x080014ec                _malloc_r
 .text.__ssputs_r
                0x080015a0       0xb6 c:/program files (x86)/embitz/2.00/share/armgcc/bin/../lib/gcc/arm-none-eabi/9.3.1/../../../../arm-none-eabi/lib/thumb/v7-m/nofp\libg_nano.a(lib_a-nano-svfprintf.o)
                0x080015a0                __ssputs_r
 *fill*         0x08001656        0x2 
 .text._svfprintf_r
                0x08001658      0x200 c:/program files (x86)/embitz/2.00/share/armgcc/bin/../lib/gcc/arm-none-eabi/9.3.1/../../../../arm-none-eabi/lib/thumb/v7-m/nofp\libg_nano.a(lib_a-nano-svfprintf.o)
                0x08001658                _svfiprintf_r
                0x08001658                _svfprintf_r
 .text.__sfputc_r
                0x08001858       0x2a c:/program files (x86)/embitz/2.00/share/armgcc/bin/../lib/gcc/arm-none-eabi/9.3.1/../../../../arm-none-eabi/lib/thumb/v7-m/nofp\libg_nano.a(lib_a-nano-vfprintf.o)
 .text.__sfputs_r
                0x08001882       0x24 c:/program files (x86)/embitz/2.00/share/armgcc/bin/../lib/gcc/arm-none-eabi/9.3.1/../../../../arm-none-eabi/lib/thumb/v7-m/nofp\libg_nano.a(lib_a-nano-vfprintf.o)
                0x08001882                __sfputs_r
 *fill*         0x080018a6        0x2 
 .text._vfprintf_r
                0x080018a8      0x260 c:/program files (x86)/embitz/2.00/share/armgcc/bin/../lib/gcc/arm-none-eabi/9.3.1/../../../../arm-none-eabi/lib/thumb/v7-m/nofp\libg_nano.a(lib_a-nano-vfprintf.o)
                0x080018a8                _vfprintf_r
                0x080018a8                _vfiprintf_r
 .text._printf_common
                0x08001b08       0xde c:/program files (x86)/embitz/2.00/share/armgcc/bin/../lib/gcc/arm-none-eabi/9.3.1/../../../../arm-none-eabi/lib/thumb/v7-m/nofp\libg_nano.a(lib_a-nano-vfprintf_i.o)
                0x08001b08                _printf_common
 *fill*         0x08001be6        0x2 
 .text._printf_i
                0x08001be8      0x24c c:/program files (x86)/embitz/2.00/share/armgcc/bin/../lib/gcc/arm-none-eabi/9.3.1/../../../../arm-none-eabi/lib/thumb/v7-m/nofp\libg_nano.a(lib_a-nano-vfprintf_i.o)
                0x08001be8                _printf_i
 .text._sbrk_r  0x08001e34       0x20 c:/program files (x86)/embitz/2.00/share/armgcc/bin/../lib/gcc/arm-none-eabi/9.3.1/../../../../arm-none-eabi/lib/thumb/v7-m/nofp\libg_nano.a(lib_a-sbrkr.o)
                0x08001e34                _sbrk_r
 .text.__sread  0x08001e54       0x22 c:/program files (x86)/embitz/2.00/share/armgcc/bin/../lib/gcc/arm-none-eabi/9.3.1/../../../../arm-none-eabi/lib/thumb/v7-m/nofp\libg_nano.a(lib_a-stdio.o)
                0x08001e54                __sread
 .text.__swrite
                0x08001e76       0x38 c:/program files (x86)/embitz/2.00/share/armgcc/bin/../lib/gcc/arm-none-eabi/9.3.1/../../../../arm-none-eabi/lib/thumb/v7-m/nofp\libg_nano.a(lib_a-stdio.o)
                0x08001e76                __swrite
 .text.__sseek  0x08001eae       0x24 c:/program files (x86)/embitz/2.00/share/armgcc/bin/../lib/gcc/arm-none-eabi/9.3.1/../../../../arm-none-eabi/lib/thumb/v7-m/nofp\libg_nano.a(lib_a-stdio.o)
                0x08001eae                __sseek
 .text.__sclose
                0x08001ed2        0x8 c:/program files (x86)/embitz/2.00/share/armgcc/bin/../lib/gcc/arm-none-eabi/9.3.1/../../../../arm-none-eabi/lib/thumb/v7-m/nofp\libg_nano.a(lib_a-stdio.o)
                0x08001ed2                __sclose
 *fill*         0x08001eda        0x2 
 .text.__swbuf_r
                0x08001edc       0xa4 c:/program files (x86)/embitz/2.00/share/armgcc/bin/../lib/gcc/arm-none-eabi/9.3.1/../../../../arm-none-eabi/lib/thumb/v7-m/nofp\libg_nano.a(lib_a-wbuf.o)
                0x08001edc                __swbuf_r
 .text._write_r
                0x08001f80       0x24 c:/program files (x86)/embitz/2.00/share/armgcc/bin/../lib/gcc/arm-none-eabi/9.3.1/../../../../arm-none-eabi/lib/thumb/v7-m/nofp\libg_nano.a(lib_a-writer.o)
                0x08001f80                _write_r
 .text.__swsetup_r
                0x08001fa4       0xdc c:/program files (x86)/embitz/2.00/share/armgcc/bin/../lib/gcc/arm-none-eabi/9.3.1/../../../../arm-none-eabi/lib/thumb/v7-m/nofp\libg_nano.a(lib_a-wsetup.o)
                0x08001fa4                __swsetup_r
 .text._close_r
                0x08002080       0x20 c:/program files (x86)/embitz/2.00/share/armgcc/bin/../lib/gcc/arm-none-eabi/9.3.1/../../../../arm-none-eabi/lib/thumb/v7-m/nofp\libg_nano.a(lib_a-closer.o)
                0x08002080                _close_r
 .text.__sflush_r
                0x080020a0      0x10c c:/program files (x86)/embitz/2.00/share/armgcc/bin/../lib/gcc/arm-none-eabi/9.3.1/../../../../arm-none-eabi/lib/thumb/v7-m/nofp\libg_nano.a(lib_a-fflush.o)
                0x080020a0                __sflush_r
 .text._fflush_r
                0x080021ac       0x78 c:/program files (x86)/embitz/2.00/share/armgcc/bin/../lib/gcc/arm-none-eabi/9.3.1/../../../../arm-none-eabi/lib/thumb/v7-m/nofp\libg_nano.a(lib_a-fflush.o)
                0x080021ac                _fflush_r
 .text._lseek_r
                0x08002224       0x24 c:/program files (x86)/embitz/2.00/share/armgcc/bin/../lib/gcc/arm-none-eabi/9.3.1/../../../../arm-none-eabi/lib/thumb/v7-m/nofp\libg_nano.a(lib_a-lseekr.o)
                0x08002224                _lseek_r
 .text.__swhatbuf_r
                0x08002248       0x48 c:/program files (x86)/embitz/2.00/share/armgcc/bin/../lib/gcc/arm-none-eabi/9.3.1/../../../../arm-none-eabi/lib/thumb/v7-m/nofp\libg_nano.a(lib_a-makebuf.o)
                0x08002248                __swhatbuf_r
 .text.__smakebuf_r
                0x08002290       0x80 c:/program files (x86)/embitz/2.00/share/armgcc/bin/../lib/gcc/arm-none-eabi/9.3.1/../../../../arm-none-eabi/lib/thumb/v7-m/nofp\libg_nano.a(lib_a-makebuf.o)
                0x08002290                __smakebuf_r
 .text.memchr   0x08002310       0x1c c:/program files (x86)/embitz/2.00/share/armgcc/bin/../lib/gcc/arm-none-eabi/9.3.1/../../../../arm-none-eabi/lib/thumb/v7-m/nofp\libg_nano.a(lib_a-memchr-stub.o)
                0x08002310                memchr
 .text.memcpy   0x0800232c       0x1c c:/program files (x86)/embitz/2.00/share/armgcc/bin/../lib/gcc/arm-none-eabi/9.3.1/../../../../arm-none-eabi/lib/thumb/v7-m/nofp\libg_nano.a(lib_a-memcpy-stub.o)
                0x0800232c                memcpy
 .text.memmove  0x08002348       0x34 c:/program files (x86)/embitz/2.00/share/armgcc/bin/../lib/gcc/arm-none-eabi/9.3.1/../../../../arm-none-eabi/lib/thumb/v7-m/nofp\libg_nano.a(lib_a-memmove.o)
                0x08002348                memmove
 .text.__malloc_lock
                0x0800237c        0xc c:/program files (x86)/embitz/2.00/share/armgcc/bin/../lib/gcc/arm-none-eabi/9.3.1/../../../../arm-none-eabi/lib/thumb/v7-m/nofp\libg_nano.a(lib_a-mlock.o)
                0x0800237c                __malloc_lock
 .text.__malloc_unlock
                0x08002388        0xc c:/program files (x86)/embitz/2.00/share/armgcc/bin/../lib/gcc/arm-none-eabi/9.3.1/../../../../arm-none-eabi/lib/thumb/v7-m/nofp\libg_nano.a(lib_a-mlock.o)
                0x08002388                __malloc_unlock
 .text._free_r  0x08002394       0x98 c:/program files (x86)/embitz/2.00/share/armgcc/bin/../lib/gcc/arm-none-eabi/9.3.1/../../../../arm-none-eabi/lib/thumb/v7-m/nofp\libg_nano.a(lib_a-nano-freer.o)
                0x08002394                _free_r
 .text._realloc_r
                0x0800242c       0x4c c:/program files (x86)/embitz/2.00/share/armgcc/bin/../lib/gcc/arm-none-eabi/9.3.1/../../../../arm-none-eabi/lib/thumb/v7-m/nofp\libg_nano.a(lib_a-nano-reallocr.o)
                0x0800242c                _realloc_r
 .text._read_r  0x08002478       0x24 c:/program files (x86)/embitz/2.00/share/armgcc/bin/../lib/gcc/arm-none-eabi/9.3.1/../../../../arm-none-eabi/lib/thumb/v7-m/nofp\libg_nano.a(lib_a-readr.o)
                0x08002478                _read_r
 .text._fstat_r
                0x0800249c       0x24 c:/program files (x86)/embitz/2.00/share/armgcc/bin/../lib/gcc/arm-none-eabi/9.3.1/../../../../arm-none-eabi/lib/thumb/v7-m/nofp\libg_nano.a(lib_a-fstatr.o)
                0x0800249c                _fstat_r
 .text._isatty_r
                0x080024c0       0x20 c:/program files (x86)/embitz/2.00/share/armgcc/bin/../lib/gcc/arm-none-eabi/9.3.1/../../../../arm-none-eabi/lib/thumb/v7-m/nofp\libg_nano.a(lib_a-isattyr.o)
                0x080024c0                _isatty_r
 .text._malloc_usable_size_r
                0x080024e0       0x10 c:/program files (x86)/embitz/2.00/share/armgcc/bin/../lib/gcc/arm-none-eabi/9.3.1/../../../../arm-none-eabi/lib/thumb/v7-m/nofp\libg_nano.a(lib_a-nano-msizer.o)
                0x080024e0                _malloc_usable_size_r
 .text._close   0x080024f0       0x10 c:/program files (x86)/embitz/2.00/share/armgcc/bin/../lib/gcc/arm-none-eabi/9.3.1/../../../../arm-none-eabi/lib/thumb/v7-m/nofp\libnosys.a(close.o)
                0x080024f0                _close
 .text._fstat   0x08002500       0x10 c:/program files (x86)/embitz/2.00/share/armgcc/bin/../lib/gcc/arm-none-eabi/9.3.1/../../../../arm-none-eabi/lib/thumb/v7-m/nofp\libnosys.a(fstat.o)
                0x08002500                _fstat
 .text._isatty  0x08002510       0x10 c:/program files (x86)/embitz/2.00/share/armgcc/bin/../lib/gcc/arm-none-eabi/9.3.1/../../../../arm-none-eabi/lib/thumb/v7-m/nofp\libnosys.a(isatty.o)
                0x08002510                _isatty
 .text._lseek   0x08002520       0x10 c:/program files (x86)/embitz/2.00/share/armgcc/bin/../lib/gcc/arm-none-eabi/9.3.1/../../../../arm-none-eabi/lib/thumb/v7-m/nofp\libnosys.a(lseek.o)
                0x08002520                _lseek
 .text._read    0x08002530       0x10 c:/program files (x86)/embitz/2.00/share/armgcc/bin/../lib/gcc/arm-none-eabi/9.3.1/../../../../arm-none-eabi/lib/thumb/v7-m/nofp\libnosys.a(read.o)
                0x08002530                _read
 .text._sbrk    0x08002540       0x1c c:/program files (x86)/embitz/2.00/share/armgcc/bin/../lib/gcc/arm-none-eabi/9.3.1/../../../../arm-none-eabi/lib/thumb/v7-m/nofp\libnosys.a(sbrk.o)
                0x08002540                _sbrk
 .text._exit    0x0800255c        0x4 c:/program files (x86)/embitz/2.00/share/armgcc/bin/../lib/gcc/arm-none-eabi/9.3.1/../../../../arm-none-eabi/lib/thumb/v7-m/nofp\libnosys.a(_exit.o)
                0x0800255c                _exit
 *(.init)
 .init          0x08002560        0x4 c:/program files (x86)/embitz/2.00/share/armgcc/bin/../lib/gcc/arm-none-eabi/9.3.1/thumb/v7-m/nofp/crti.o
                0x08002560                _init
 .init          0x08002564        0x8 c:/program files (x86)/embitz/2.00/share/armgcc/bin/../lib/gcc/arm-none-eabi/9.3.1/thumb/v7-m/nofp/crtn.o
 *(.fini)
 .fini          0x0800256c        0x4 c:/program files (x86)/embitz/2.00/share/armgcc/bin/../lib/gcc/arm-none-eabi/9.3.1/thumb/v7-m/nofp/crti.o
                0x0800256c                _fini
 .fini          0x08002570        0x8 c:/program files (x86)/embitz/2.00/share/armgcc/bin/../lib/gcc/arm-none-eabi/9.3.1/thumb/v7-m/nofp/crtn.o
 *crtbegin.o(.ctors)
 *crtbegin?.o(.ctors)
 *(EXCLUDE_FILE(*crtend.o *crtend?.o) .ctors)
 *(SORT_BY_NAME(.ctors.*))
 *(.ctors)
 *crtbegin.o(.dtors)
 *crtbegin?.o(.dtors)
 *(EXCLUDE_FILE(*crtend.o *crtend?.o) .dtors)
 *(SORT_BY_NAME(.dtors.*))
 *(.dtors)
 *(.rodata*)
 .rodata        0x08002578       0x24 obj\debug\src\main.o
 .rodata._global_impure_ptr
                0x0800259c        0x4 c:/program files (x86)/embitz/2.00/share/armgcc/bin/../lib/gcc/arm-none-eabi/9.3.1/../../../../arm-none-eabi/lib/thumb/v7-m/nofp\libg_nano.a(lib_a-impure.o)
                0x0800259c                _global_impure_ptr
 .rodata.__sf_fake_stderr
                0x080025a0       0x20 c:/program files (x86)/embitz/2.00/share/armgcc/bin/../lib/gcc/arm-none-eabi/9.3.1/../../../../arm-none-eabi/lib/thumb/v7-m/nofp\libg_nano.a(lib_a-findfp.o)
                0x080025a0                __sf_fake_stderr
 .rodata.__sf_fake_stdin
                0x080025c0       0x20 c:/program files (x86)/embitz/2.00/share/armgcc/bin/../lib/gcc/arm-none-eabi/9.3.1/../../../../arm-none-eabi/lib/thumb/v7-m/nofp\libg_nano.a(lib_a-findfp.o)
                0x080025c0                __sf_fake_stdin
 .rodata.__sf_fake_stdout
                0x080025e0       0x20 c:/program files (x86)/embitz/2.00/share/armgcc/bin/../lib/gcc/arm-none-eabi/9.3.1/../../../../arm-none-eabi/lib/thumb/v7-m/nofp\libg_nano.a(lib_a-findfp.o)
                0x080025e0                __sf_fake_stdout
 .rodata._svfprintf_r.str1.1
                0x08002600       0x11 c:/program files (x86)/embitz/2.00/share/armgcc/bin/../lib/gcc/arm-none-eabi/9.3.1/../../../../arm-none-eabi/lib/thumb/v7-m/nofp\libg_nano.a(lib_a-nano-svfprintf.o)
 .rodata._vfprintf_r.str1.1
                0x08002611       0x11 c:/program files (x86)/embitz/2.00/share/armgcc/bin/../lib/gcc/arm-none-eabi/9.3.1/../../../../arm-none-eabi/lib/thumb/v7-m/nofp\libg_nano.a(lib_a-nano-vfprintf.o)
 .rodata._printf_i.str1.1
                0x08002611       0x22 c:/program files (x86)/embitz/2.00/share/armgcc/bin/../lib/gcc/arm-none-eabi/9.3.1/../../../../arm-none-eabi/lib/thumb/v7-m/nofp\libg_nano.a(lib_a-nano-vfprintf_i.o)
 *(.eh_frame*)
 *fill*         0x08002633        0x1 
 .eh_frame      0x08002634        0x0 c:/program files (x86)/embitz/2.00/share/armgcc/bin/../lib/gcc/arm-none-eabi/9.3.1/thumb/v7-m/nofp/crtbegin.o
 .eh_frame      0x08002634        0x4 c:/program files (x86)/embitz/2.00/share/armgcc/bin/../lib/gcc/arm-none-eabi/9.3.1/thumb/v7-m/nofp/crtend.o

.glue_7         0x08002638        0x0
 .glue_7        0x08002638        0x0 linker stubs

.glue_7t        0x08002638        0x0
 .glue_7t       0x08002638        0x0 linker stubs

.vfp11_veneer   0x08002638        0x0
 .vfp11_veneer  0x08002638        0x0 linker stubs

.v4_bx          0x08002638        0x0
 .v4_bx         0x08002638        0x0 linker stubs

.iplt           0x08002638        0x0
 .iplt          0x08002638        0x0 c:/program files (x86)/embitz/2.00/share/armgcc/bin/../lib/gcc/arm-none-eabi/9.3.1/thumb/v7-m/nofp/crtbegin.o

.ARM.extab
 *(.ARM.extab* .gnu.linkonce.armextab.*)
                0x08002638                __exidx_start = .

.ARM.exidx      0x08002638        0x8
 *(.ARM.exidx* .gnu.linkonce.armexidx.*)
 .ARM.exidx     0x08002638        0x8 c:/program files (x86)/embitz/2.00/share/armgcc/bin/../lib/gcc/arm-none-eabi/9.3.1/../../../../arm-none-eabi/lib/thumb/v7-m/nofp/crt0.o
                                 0x10 (size before relaxing)
                0x08002640                __exidx_end = .
                0x08002640                __etext = .

.rel.dyn        0x08002640        0x0
 .rel.iplt      0x08002640        0x0 c:/program files (x86)/embitz/2.00/share/armgcc/bin/../lib/gcc/arm-none-eabi/9.3.1/thumb/v7-m/nofp/crtbegin.o

.data           0x20000000       0x84 load address 0x08002640
                0x20000000                __data_start__ = .
 *(vtable)
 *(.data*)
 .data.SysTickCounter
                0x20000000        0x4 obj\debug\spl\src\delay.o
                0x20000000                SysTickCounter
 .data.APBAHBPrescTable
                0x20000004       0x10 obj\debug\spl\src\stm32f10x_rcc.o
 .data.ADCPrescTable
                0x20000014        0x4 obj\debug\spl\src\stm32f10x_rcc.o
 .data._impure_ptr
                0x20000018        0x4 c:/program files (x86)/embitz/2.00/share/armgcc/bin/../lib/gcc/arm-none-eabi/9.3.1/../../../../arm-none-eabi/lib/thumb/v7-m/nofp\libg_nano.a(lib_a-impure.o)
                0x20000018                _impure_ptr
 .data.impure_data
                0x2000001c       0x60 c:/program files (x86)/embitz/2.00/share/armgcc/bin/../lib/gcc/arm-none-eabi/9.3.1/../../../../arm-none-eabi/lib/thumb/v7-m/nofp\libg_nano.a(lib_a-impure.o)
                0x2000007c                . = ALIGN (0x4)
                0x2000007c                PROVIDE (__preinit_array_start = .)
 *(.preinit_array)
                0x2000007c                PROVIDE (__preinit_array_end = .)
                0x2000007c                . = ALIGN (0x4)
                0x2000007c                PROVIDE (__init_array_start = .)
 *(SORT_BY_NAME(.init_array.*))
 *(.init_array)
 .init_array    0x2000007c        0x4 c:/program files (x86)/embitz/2.00/share/armgcc/bin/../lib/gcc/arm-none-eabi/9.3.1/thumb/v7-m/nofp/crtbegin.o
                0x20000080                PROVIDE (__init_array_end = .)
                0x20000080                . = ALIGN (0x4)
                [!provide]                PROVIDE (__fini_array_start = .)
 *(SORT_BY_NAME(.fini_array.*))
 *(.fini_array)
 .fini_array    0x20000080        0x4 c:/program files (x86)/embitz/2.00/share/armgcc/bin/../lib/gcc/arm-none-eabi/9.3.1/thumb/v7-m/nofp/crtbegin.o
                [!provide]                PROVIDE (__fini_array_end = .)
                0x20000084                . = ALIGN (0x4)
                0x20000084                __data_end__ = .

.igot.plt       0x20000084        0x0 load address 0x080026c4
 .igot.plt      0x20000084        0x0 c:/program files (x86)/embitz/2.00/share/armgcc/bin/../lib/gcc/arm-none-eabi/9.3.1/thumb/v7-m/nofp/crtbegin.o

.bss            0x20000084      0x23c load address 0x080026c4
                0x20000084                __bss_start__ = .
 *(.bss*)
 .bss           0x20000084       0x1c c:/program files (x86)/embitz/2.00/share/armgcc/bin/../lib/gcc/arm-none-eabi/9.3.1/thumb/v7-m/nofp/crtbegin.o
 .bss.rx_count  0x200000a0        0x1 obj\debug\spl\src\driver_uart.o
 .bss.index     0x200000a1        0x1 obj\debug\spl\src\driver_uart.o
 .bss.status_pair
                0x200000a2        0x1 obj\debug\src\main.o
                0x200000a2                status_pair
 *fill*         0x200000a3        0x1 
 .bss.__malloc_free_list
                0x200000a4        0x4 c:/program files (x86)/embitz/2.00/share/armgcc/bin/../lib/gcc/arm-none-eabi/9.3.1/../../../../arm-none-eabi/lib/thumb/v7-m/nofp\libg_nano.a(lib_a-nano-mallocr.o)
                0x200000a4                __malloc_free_list
 .bss.__malloc_sbrk_start
                0x200000a8        0x4 c:/program files (x86)/embitz/2.00/share/armgcc/bin/../lib/gcc/arm-none-eabi/9.3.1/../../../../arm-none-eabi/lib/thumb/v7-m/nofp\libg_nano.a(lib_a-nano-mallocr.o)
                0x200000a8                __malloc_sbrk_start
 .bss.heap_end.4144
                0x200000ac        0x4 c:/program files (x86)/embitz/2.00/share/armgcc/bin/../lib/gcc/arm-none-eabi/9.3.1/../../../../arm-none-eabi/lib/thumb/v7-m/nofp\libnosys.a(sbrk.o)
 *(COMMON)
 COMMON         0x200000b0      0x200 obj\debug\spl\src\driver_uart.o
                0x200000b0                Rx_bufArr
                0x200001b0                uart1_rx
 COMMON         0x200002b0        0x9 c:/program files (x86)/embitz/2.00/share/armgcc/bin/../lib/gcc/arm-none-eabi/9.3.1/../../../../arm-none-eabi/lib/thumb/v7-m/nofp\libg_nano.a(lib_a-lock.o)
                0x200002b0                __lock___atexit_recursive_mutex
                0x200002b1                __lock___arc4random_mutex
                0x200002b2                __lock___env_recursive_mutex
                0x200002b3                __lock___sinit_recursive_mutex
                0x200002b4                __lock___malloc_recursive_mutex
                0x200002b5                __lock___at_quick_exit_mutex
                0x200002b6                __lock___dd_hash_mutex
                0x200002b7                __lock___tz_mutex
                0x200002b8                __lock___sfp_recursive_mutex
 *fill*         0x200002b9        0x3 
 COMMON         0x200002bc        0x4 c:/program files (x86)/embitz/2.00/share/armgcc/bin/../lib/gcc/arm-none-eabi/9.3.1/../../../../arm-none-eabi/lib/thumb/v7-m/nofp\libg_nano.a(lib_a-reent.o)
                0x200002bc                errno
                0x200002c0                __bss_end__ = .

.heap           0x200002c0        0x0
                0x200002c0                __end__ = .
                0x200002c0                end = __end__
 *(.heap*)
 .heap          0x200002c0        0x0 obj\debug\src\startup_stm32f10x_md.o
                0x200002c0                __HeapLimit = .

.stack_dummy    0x200002c0      0x100
 *(.stack)
 .stack         0x200002c0      0x100 obj\debug\src\startup_stm32f10x_md.o
                0x20005000                __StackTop = (ORIGIN (RAM) + LENGTH (RAM))
                0x20004f00                __StackLimit = (__StackTop - SIZEOF (.stack_dummy))
                0x20005000                PROVIDE (__stack = __StackTop)
                0x00000001                ASSERT ((__StackLimit >= __HeapLimit), region RAM overflowed with stack)
LOAD obj\debug\spl\src\delay.o
LOAD obj\debug\spl\src\driver_uart.o
LOAD obj\debug\spl\src\flash.o
LOAD obj\debug\spl\src\lowpowermcu.o
LOAD obj\debug\spl\src\misc.o
LOAD obj\debug\spl\src\stm32f10x_adc.o
LOAD obj\debug\spl\src\stm32f10x_bkp.o
LOAD obj\debug\spl\src\stm32f10x_can.o
LOAD obj\debug\spl\src\stm32f10x_cec.o
LOAD obj\debug\spl\src\stm32f10x_crc.o
LOAD obj\debug\spl\src\stm32f10x_dac.o
LOAD obj\debug\spl\src\stm32f10x_dbgmcu.o
LOAD obj\debug\spl\src\stm32f10x_dma.o
LOAD obj\debug\spl\src\stm32f10x_exti.o
LOAD obj\debug\spl\src\stm32f10x_flash.o
LOAD obj\debug\spl\src\stm32f10x_fsmc.o
LOAD obj\debug\spl\src\stm32f10x_gpio.o
LOAD obj\debug\spl\src\stm32f10x_i2c.o
LOAD obj\debug\spl\src\stm32f10x_iwdg.o
LOAD obj\debug\spl\src\stm32f10x_pwr.o
LOAD obj\debug\spl\src\stm32f10x_rcc.o
LOAD obj\debug\spl\src\stm32f10x_rtc.o
LOAD obj\debug\spl\src\stm32f10x_sdio.o
LOAD obj\debug\spl\src\stm32f10x_spi.o
LOAD obj\debug\spl\src\stm32f10x_tim.o
LOAD obj\debug\spl\src\stm32f10x_usart.o
LOAD obj\debug\spl\src\stm32f10x_wwdg.o
LOAD obj\debug\src\main.o
LOAD obj\debug\src\startup_stm32f10x_md.o
LOAD obj\debug\src\system_stm32f10x.o
START GROUP
LOAD c:/program files (x86)/embitz/2.00/share/armgcc/bin/../lib/gcc/arm-none-eabi/9.3.1/thumb/v7-m/nofp\libgcc.a
LOAD c:/program files (x86)/embitz/2.00/share/armgcc/bin/../lib/gcc/arm-none-eabi/9.3.1/../../../../arm-none-eabi/lib/thumb/v7-m/nofp\libg_nano.a
LOAD c:/program files (x86)/embitz/2.00/share/armgcc/bin/../lib/gcc/arm-none-eabi/9.3.1/../../../../arm-none-eabi/lib/thumb/v7-m/nofp\libc_nano.a
END GROUP
START GROUP
LOAD c:/program files (x86)/embitz/2.00/share/armgcc/bin/../lib/gcc/arm-none-eabi/9.3.1/thumb/v7-m/nofp\libgcc.a
LOAD c:/program files (x86)/embitz/2.00/share/armgcc/bin/../lib/gcc/arm-none-eabi/9.3.1/../../../../arm-none-eabi/lib/thumb/v7-m/nofp\libc_nano.a
LOAD c:/program files (x86)/embitz/2.00/share/armgcc/bin/../lib/gcc/arm-none-eabi/9.3.1/../../../../arm-none-eabi/lib/thumb/v7-m/nofp\libnosys.a
END GROUP
START GROUP
LOAD c:/program files (x86)/embitz/2.00/share/armgcc/bin/../lib/gcc/arm-none-eabi/9.3.1/thumb/v7-m/nofp\libgcc.a
LOAD c:/program files (x86)/embitz/2.00/share/armgcc/bin/../lib/gcc/arm-none-eabi/9.3.1/../../../../arm-none-eabi/lib/thumb/v7-m/nofp\libc_nano.a
LOAD c:/program files (x86)/embitz/2.00/share/armgcc/bin/../lib/gcc/arm-none-eabi/9.3.1/../../../../arm-none-eabi/lib/thumb/v7-m/nofp\libnosys.a
END GROUP
LOAD c:/program files (x86)/embitz/2.00/share/armgcc/bin/../lib/gcc/arm-none-eabi/9.3.1/thumb/v7-m/nofp/crtend.o
LOAD c:/program files (x86)/embitz/2.00/share/armgcc/bin/../lib/gcc/arm-none-eabi/9.3.1/thumb/v7-m/nofp/crtn.o
OUTPUT(bin\Debug\LOCK_GW.elf elf32-littlearm)
LOAD linker stubs

.ARM.attributes
                0x00000000       0x29
 .ARM.attributes
                0x00000000       0x1d c:/program files (x86)/embitz/2.00/share/armgcc/bin/../lib/gcc/arm-none-eabi/9.3.1/thumb/v7-m/nofp/crti.o
 .ARM.attributes
                0x0000001d       0x2d c:/program files (x86)/embitz/2.00/share/armgcc/bin/../lib/gcc/arm-none-eabi/9.3.1/thumb/v7-m/nofp/crtbegin.o
 .ARM.attributes
                0x0000004a       0x1b c:/program files (x86)/embitz/2.00/share/armgcc/bin/../lib/gcc/arm-none-eabi/9.3.1/../../../../arm-none-eabi/lib/thumb/v7-m/nofp/crt0.o
 .ARM.attributes
                0x00000065       0x2d obj\debug\spl\src\delay.o
 .ARM.attributes
                0x00000092       0x2d obj\debug\spl\src\driver_uart.o
 .ARM.attributes
                0x000000bf       0x2d obj\debug\spl\src\misc.o
 .ARM.attributes
                0x000000ec       0x2d obj\debug\spl\src\stm32f10x_gpio.o
 .ARM.attributes
                0x00000119       0x2d obj\debug\spl\src\stm32f10x_rcc.o
 .ARM.attributes
                0x00000146       0x2d obj\debug\spl\src\stm32f10x_usart.o
 .ARM.attributes
                0x00000173       0x2d obj\debug\src\main.o
 .ARM.attributes
                0x000001a0       0x1b obj\debug\src\startup_stm32f10x_md.o
 .ARM.attributes
                0x000001bb       0x2d obj\debug\src\system_stm32f10x.o
 .ARM.attributes
                0x000001e8       0x2d c:/program files (x86)/embitz/2.00/share/armgcc/bin/../lib/gcc/arm-none-eabi/9.3.1/../../../../arm-none-eabi/lib/thumb/v7-m/nofp\libg_nano.a(lib_a-exit.o)
 .ARM.attributes
                0x00000215       0x2d c:/program files (x86)/embitz/2.00/share/armgcc/bin/../lib/gcc/arm-none-eabi/9.3.1/../../../../arm-none-eabi/lib/thumb/v7-m/nofp\libg_nano.a(lib_a-impure.o)
 .ARM.attributes
                0x00000242       0x2d c:/program files (x86)/embitz/2.00/share/armgcc/bin/../lib/gcc/arm-none-eabi/9.3.1/../../../../arm-none-eabi/lib/thumb/v7-m/nofp\libg_nano.a(lib_a-init.o)
 .ARM.attributes
                0x0000026f       0x2d c:/program files (x86)/embitz/2.00/share/armgcc/bin/../lib/gcc/arm-none-eabi/9.3.1/../../../../arm-none-eabi/lib/thumb/v7-m/nofp\libg_nano.a(lib_a-memset.o)
 .ARM.attributes
                0x0000029c       0x2d c:/program files (x86)/embitz/2.00/share/armgcc/bin/../lib/gcc/arm-none-eabi/9.3.1/../../../../arm-none-eabi/lib/thumb/v7-m/nofp\libg_nano.a(lib_a-printf.o)
 .ARM.attributes
                0x000002c9       0x2d c:/program files (x86)/embitz/2.00/share/armgcc/bin/../lib/gcc/arm-none-eabi/9.3.1/../../../../arm-none-eabi/lib/thumb/v7-m/nofp\libg_nano.a(lib_a-sprintf.o)
 .ARM.attributes
                0x000002f6       0x2d c:/program files (x86)/embitz/2.00/share/armgcc/bin/../lib/gcc/arm-none-eabi/9.3.1/../../../../arm-none-eabi/lib/thumb/v7-m/nofp\libg_nano.a(lib_a-strchr.o)
 .ARM.attributes
                0x00000323       0x2d c:/program files (x86)/embitz/2.00/share/armgcc/bin/../lib/gcc/arm-none-eabi/9.3.1/../../../../arm-none-eabi/lib/thumb/v7-m/nofp\libg_nano.a(lib_a-strcpy.o)
 .ARM.attributes
                0x00000350       0x17 c:/program files (x86)/embitz/2.00/share/armgcc/bin/../lib/gcc/arm-none-eabi/9.3.1/../../../../arm-none-eabi/lib/thumb/v7-m/nofp\libg_nano.a(lib_a-strlen.o)
 .ARM.attributes
                0x00000367       0x2d c:/program files (x86)/embitz/2.00/share/armgcc/bin/../lib/gcc/arm-none-eabi/9.3.1/../../../../arm-none-eabi/lib/thumb/v7-m/nofp\libg_nano.a(lib_a-strstr.o)
 .ARM.attributes
                0x00000394       0x2d c:/program files (x86)/embitz/2.00/share/armgcc/bin/../lib/gcc/arm-none-eabi/9.3.1/../../../../arm-none-eabi/lib/thumb/v7-m/nofp\libg_nano.a(lib_a-findfp.o)
 .ARM.attributes
                0x000003c1       0x2d c:/program files (x86)/embitz/2.00/share/armgcc/bin/../lib/gcc/arm-none-eabi/9.3.1/../../../../arm-none-eabi/lib/thumb/v7-m/nofp\libg_nano.a(lib_a-fwalk.o)
 .ARM.attributes
                0x000003ee       0x2d c:/program files (x86)/embitz/2.00/share/armgcc/bin/../lib/gcc/arm-none-eabi/9.3.1/../../../../arm-none-eabi/lib/thumb/v7-m/nofp\libg_nano.a(lib_a-lock.o)
 .ARM.attributes
                0x0000041b       0x2d c:/program files (x86)/embitz/2.00/share/armgcc/bin/../lib/gcc/arm-none-eabi/9.3.1/../../../../arm-none-eabi/lib/thumb/v7-m/nofp\libg_nano.a(lib_a-nano-mallocr.o)
 .ARM.attributes
                0x00000448       0x2d c:/program files (x86)/embitz/2.00/share/armgcc/bin/../lib/gcc/arm-none-eabi/9.3.1/../../../../arm-none-eabi/lib/thumb/v7-m/nofp\libg_nano.a(lib_a-nano-svfprintf.o)
 .ARM.attributes
                0x00000475       0x2d c:/program files (x86)/embitz/2.00/share/armgcc/bin/../lib/gcc/arm-none-eabi/9.3.1/../../../../arm-none-eabi/lib/thumb/v7-m/nofp\libg_nano.a(lib_a-nano-vfprintf.o)
 .ARM.attributes
                0x000004a2       0x2d c:/program files (x86)/embitz/2.00/share/armgcc/bin/../lib/gcc/arm-none-eabi/9.3.1/../../../../arm-none-eabi/lib/thumb/v7-m/nofp\libg_nano.a(lib_a-nano-vfprintf_i.o)
 .ARM.attributes
                0x000004cf       0x2d c:/program files (x86)/embitz/2.00/share/armgcc/bin/../lib/gcc/arm-none-eabi/9.3.1/../../../../arm-none-eabi/lib/thumb/v7-m/nofp\libg_nano.a(lib_a-sbrkr.o)
 .ARM.attributes
                0x000004fc       0x2d c:/program files (x86)/embitz/2.00/share/armgcc/bin/../lib/gcc/arm-none-eabi/9.3.1/../../../../arm-none-eabi/lib/thumb/v7-m/nofp\libg_nano.a(lib_a-stdio.o)
 .ARM.attributes
                0x00000529       0x2d c:/program files (x86)/embitz/2.00/share/armgcc/bin/../lib/gcc/arm-none-eabi/9.3.1/../../../../arm-none-eabi/lib/thumb/v7-m/nofp\libg_nano.a(lib_a-wbuf.o)
 .ARM.attributes
                0x00000556       0x2d c:/program files (x86)/embitz/2.00/share/armgcc/bin/../lib/gcc/arm-none-eabi/9.3.1/../../../../arm-none-eabi/lib/thumb/v7-m/nofp\libg_nano.a(lib_a-writer.o)
 .ARM.attributes
                0x00000583       0x2d c:/program files (x86)/embitz/2.00/share/armgcc/bin/../lib/gcc/arm-none-eabi/9.3.1/../../../../arm-none-eabi/lib/thumb/v7-m/nofp\libg_nano.a(lib_a-wsetup.o)
 .ARM.attributes
                0x000005b0       0x2d c:/program files (x86)/embitz/2.00/share/armgcc/bin/../lib/gcc/arm-none-eabi/9.3.1/../../../../arm-none-eabi/lib/thumb/v7-m/nofp\libg_nano.a(lib_a-closer.o)
 .ARM.attributes
                0x000005dd       0x2d c:/program files (x86)/embitz/2.00/share/armgcc/bin/../lib/gcc/arm-none-eabi/9.3.1/../../../../arm-none-eabi/lib/thumb/v7-m/nofp\libg_nano.a(lib_a-fflush.o)
 .ARM.attributes
                0x0000060a       0x2d c:/program files (x86)/embitz/2.00/share/armgcc/bin/../lib/gcc/arm-none-eabi/9.3.1/../../../../arm-none-eabi/lib/thumb/v7-m/nofp\libg_nano.a(lib_a-lseekr.o)
 .ARM.attributes
                0x00000637       0x2d c:/program files (x86)/embitz/2.00/share/armgcc/bin/../lib/gcc/arm-none-eabi/9.3.1/../../../../arm-none-eabi/lib/thumb/v7-m/nofp\libg_nano.a(lib_a-makebuf.o)
 .ARM.attributes
                0x00000664       0x2d c:/program files (x86)/embitz/2.00/share/armgcc/bin/../lib/gcc/arm-none-eabi/9.3.1/../../../../arm-none-eabi/lib/thumb/v7-m/nofp\libg_nano.a(lib_a-memchr-stub.o)
 .ARM.attributes
                0x00000691       0x2d c:/program files (x86)/embitz/2.00/share/armgcc/bin/../lib/gcc/arm-none-eabi/9.3.1/../../../../arm-none-eabi/lib/thumb/v7-m/nofp\libg_nano.a(lib_a-memcpy-stub.o)
 .ARM.attributes
                0x000006be       0x2d c:/program files (x86)/embitz/2.00/share/armgcc/bin/../lib/gcc/arm-none-eabi/9.3.1/../../../../arm-none-eabi/lib/thumb/v7-m/nofp\libg_nano.a(lib_a-memmove.o)
 .ARM.attributes
                0x000006eb       0x2d c:/program files (x86)/embitz/2.00/share/armgcc/bin/../lib/gcc/arm-none-eabi/9.3.1/../../../../arm-none-eabi/lib/thumb/v7-m/nofp\libg_nano.a(lib_a-mlock.o)
 .ARM.attributes
                0x00000718       0x2d c:/program files (x86)/embitz/2.00/share/armgcc/bin/../lib/gcc/arm-none-eabi/9.3.1/../../../../arm-none-eabi/lib/thumb/v7-m/nofp\libg_nano.a(lib_a-nano-freer.o)
 .ARM.attributes
                0x00000745       0x2d c:/program files (x86)/embitz/2.00/share/armgcc/bin/../lib/gcc/arm-none-eabi/9.3.1/../../../../arm-none-eabi/lib/thumb/v7-m/nofp\libg_nano.a(lib_a-nano-reallocr.o)
 .ARM.attributes
                0x00000772       0x2d c:/program files (x86)/embitz/2.00/share/armgcc/bin/../lib/gcc/arm-none-eabi/9.3.1/../../../../arm-none-eabi/lib/thumb/v7-m/nofp\libg_nano.a(lib_a-readr.o)
 .ARM.attributes
                0x0000079f       0x2d c:/program files (x86)/embitz/2.00/share/armgcc/bin/../lib/gcc/arm-none-eabi/9.3.1/../../../../arm-none-eabi/lib/thumb/v7-m/nofp\libg_nano.a(lib_a-reent.o)
 .ARM.attributes
                0x000007cc       0x2d c:/program files (x86)/embitz/2.00/share/armgcc/bin/../lib/gcc/arm-none-eabi/9.3.1/../../../../arm-none-eabi/lib/thumb/v7-m/nofp\libg_nano.a(lib_a-fstatr.o)
 .ARM.attributes
                0x000007f9       0x2d c:/program files (x86)/embitz/2.00/share/armgcc/bin/../lib/gcc/arm-none-eabi/9.3.1/../../../../arm-none-eabi/lib/thumb/v7-m/nofp\libg_nano.a(lib_a-isattyr.o)
 .ARM.attributes
                0x00000826       0x2d c:/program files (x86)/embitz/2.00/share/armgcc/bin/../lib/gcc/arm-none-eabi/9.3.1/../../../../arm-none-eabi/lib/thumb/v7-m/nofp\libg_nano.a(lib_a-nano-msizer.o)
 .ARM.attributes
                0x00000853       0x2d c:/program files (x86)/embitz/2.00/share/armgcc/bin/../lib/gcc/arm-none-eabi/9.3.1/../../../../arm-none-eabi/lib/thumb/v7-m/nofp\libnosys.a(close.o)
 .ARM.attributes
                0x00000880       0x2d c:/program files (x86)/embitz/2.00/share/armgcc/bin/../lib/gcc/arm-none-eabi/9.3.1/../../../../arm-none-eabi/lib/thumb/v7-m/nofp\libnosys.a(fstat.o)
 .ARM.attributes
                0x000008ad       0x2d c:/program files (x86)/embitz/2.00/share/armgcc/bin/../lib/gcc/arm-none-eabi/9.3.1/../../../../arm-none-eabi/lib/thumb/v7-m/nofp\libnosys.a(isatty.o)
 .ARM.attributes
                0x000008da       0x2d c:/program files (x86)/embitz/2.00/share/armgcc/bin/../lib/gcc/arm-none-eabi/9.3.1/../../../../arm-none-eabi/lib/thumb/v7-m/nofp\libnosys.a(lseek.o)
 .ARM.attributes
                0x00000907       0x2d c:/program files (x86)/embitz/2.00/share/armgcc/bin/../lib/gcc/arm-none-eabi/9.3.1/../../../../arm-none-eabi/lib/thumb/v7-m/nofp\libnosys.a(read.o)
 .ARM.attributes
                0x00000934       0x2d c:/program files (x86)/embitz/2.00/share/armgcc/bin/../lib/gcc/arm-none-eabi/9.3.1/../../../../arm-none-eabi/lib/thumb/v7-m/nofp\libnosys.a(sbrk.o)
 .ARM.attributes
                0x00000961       0x2d c:/program files (x86)/embitz/2.00/share/armgcc/bin/../lib/gcc/arm-none-eabi/9.3.1/../../../../arm-none-eabi/lib/thumb/v7-m/nofp\libnosys.a(_exit.o)
 .ARM.attributes
                0x0000098e       0x2d c:/program files (x86)/embitz/2.00/share/armgcc/bin/../lib/gcc/arm-none-eabi/9.3.1/thumb/v7-m/nofp/crtend.o
 .ARM.attributes
                0x000009bb       0x1d c:/program files (x86)/embitz/2.00/share/armgcc/bin/../lib/gcc/arm-none-eabi/9.3.1/thumb/v7-m/nofp/crtn.o

.comment        0x00000000       0x4c
 .comment       0x00000000       0x4c obj\debug\spl\src\delay.o
                                 0x4d (size before relaxing)
 .comment       0x0000004c       0x4d obj\debug\spl\src\driver_uart.o
 .comment       0x0000004c       0x4d obj\debug\spl\src\misc.o
 .comment       0x0000004c       0x4d obj\debug\spl\src\stm32f10x_gpio.o
 .comment       0x0000004c       0x4d obj\debug\spl\src\stm32f10x_rcc.o
 .comment       0x0000004c       0x4d obj\debug\spl\src\stm32f10x_usart.o
 .comment       0x0000004c       0x4d obj\debug\src\main.o
 .comment       0x0000004c       0x4d obj\debug\src\system_stm32f10x.o

.debug_info     0x00000000     0x3dfe
 .debug_info    0x00000000      0x22d obj\debug\spl\src\delay.o
 .debug_info    0x0000022d      0x79e obj\debug\spl\src\driver_uart.o
 .debug_info    0x000009cb      0x596 obj\debug\spl\src\misc.o
 .debug_info    0x00000f61      0x768 obj\debug\spl\src\stm32f10x_gpio.o
 .debug_info    0x000016c9      0x92d obj\debug\spl\src\stm32f10x_rcc.o
 .debug_info    0x00001ff6      0xa95 obj\debug\spl\src\stm32f10x_usart.o
 .debug_info    0x00002a8b      0xe69 obj\debug\src\main.o
 .debug_info    0x000038f4       0x26 obj\debug\src\startup_stm32f10x_md.o
 .debug_info    0x0000391a      0x4e4 obj\debug\src\system_stm32f10x.o

.debug_abbrev   0x00000000      0xf4a
 .debug_abbrev  0x00000000      0x14d obj\debug\spl\src\delay.o
 .debug_abbrev  0x0000014d      0x226 obj\debug\spl\src\driver_uart.o
 .debug_abbrev  0x00000373      0x199 obj\debug\spl\src\misc.o
 .debug_abbrev  0x0000050c      0x212 obj\debug\spl\src\stm32f10x_gpio.o
 .debug_abbrev  0x0000071e      0x1fc obj\debug\spl\src\stm32f10x_rcc.o
 .debug_abbrev  0x0000091a      0x1ba obj\debug\spl\src\stm32f10x_usart.o
 .debug_abbrev  0x00000ad4      0x2cf obj\debug\src\main.o
 .debug_abbrev  0x00000da3       0x14 obj\debug\src\startup_stm32f10x_md.o
 .debug_abbrev  0x00000db7      0x193 obj\debug\src\system_stm32f10x.o

.debug_aranges  0x00000000      0x450
 .debug_aranges
                0x00000000       0x60 obj\debug\spl\src\delay.o
 .debug_aranges
                0x00000060       0x58 obj\debug\spl\src\driver_uart.o
 .debug_aranges
                0x000000b8       0x40 obj\debug\spl\src\misc.o
 .debug_aranges
                0x000000f8       0xa8 obj\debug\spl\src\stm32f10x_gpio.o
 .debug_aranges
                0x000001a0      0x118 obj\debug\spl\src\stm32f10x_rcc.o
 .debug_aranges
                0x000002b8      0x100 obj\debug\spl\src\stm32f10x_usart.o
 .debug_aranges
                0x000003b8       0x40 obj\debug\src\main.o
 .debug_aranges
                0x000003f8       0x20 obj\debug\src\startup_stm32f10x_md.o
 .debug_aranges
                0x00000418       0x38 obj\debug\src\system_stm32f10x.o

.debug_ranges   0x00000000      0x3b0
 .debug_ranges  0x00000000       0x50 obj\debug\spl\src\delay.o
 .debug_ranges  0x00000050       0x48 obj\debug\spl\src\driver_uart.o
 .debug_ranges  0x00000098       0x30 obj\debug\spl\src\misc.o
 .debug_ranges  0x000000c8       0x98 obj\debug\spl\src\stm32f10x_gpio.o
 .debug_ranges  0x00000160      0x108 obj\debug\spl\src\stm32f10x_rcc.o
 .debug_ranges  0x00000268       0xf0 obj\debug\spl\src\stm32f10x_usart.o
 .debug_ranges  0x00000358       0x30 obj\debug\src\main.o
 .debug_ranges  0x00000388       0x28 obj\debug\src\system_stm32f10x.o

.debug_macro    0x00000000     0xe0d9
 .debug_macro   0x00000000      0x19e obj\debug\spl\src\delay.o
 .debug_macro   0x0000019e      0xaa8 obj\debug\spl\src\delay.o
 .debug_macro   0x00000c46       0x5d obj\debug\spl\src\delay.o
 .debug_macro   0x00000ca3       0x3a obj\debug\spl\src\delay.o
 .debug_macro   0x00000cdd       0x22 obj\debug\spl\src\delay.o
 .debug_macro   0x00000cff       0x8e obj\debug\spl\src\delay.o
 .debug_macro   0x00000d8d       0x51 obj\debug\spl\src\delay.o
 .debug_macro   0x00000dde      0x103 obj\debug\spl\src\delay.o
 .debug_macro   0x00000ee1       0x6a obj\debug\spl\src\delay.o
 .debug_macro   0x00000f4b      0x1df obj\debug\spl\src\delay.o
 .debug_macro   0x0000112a       0x18 obj\debug\spl\src\delay.o
 .debug_macro   0x00001142      0xa36 obj\debug\spl\src\delay.o
 .debug_macro   0x00001b78     0x7eb3 obj\debug\spl\src\delay.o
 .debug_macro   0x00009a2b      0x2df obj\debug\spl\src\delay.o
 .debug_macro   0x00009d0a      0x144 obj\debug\spl\src\delay.o
 .debug_macro   0x00009e4e      0x3cf obj\debug\spl\src\delay.o
 .debug_macro   0x0000a21d       0xc8 obj\debug\spl\src\delay.o
 .debug_macro   0x0000a2e5      0x17a obj\debug\spl\src\delay.o
 .debug_macro   0x0000a45f       0xac obj\debug\spl\src\delay.o
 .debug_macro   0x0000a50b      0x3ad obj\debug\spl\src\delay.o
 .debug_macro   0x0000a8b8       0x9a obj\debug\spl\src\delay.o
 .debug_macro   0x0000a952      0x2cf obj\debug\spl\src\delay.o
 .debug_macro   0x0000ac21      0x279 obj\debug\spl\src\delay.o
 .debug_macro   0x0000ae9a      0x2ac obj\debug\spl\src\delay.o
 .debug_macro   0x0000b146      0x2b1 obj\debug\spl\src\delay.o
 .debug_macro   0x0000b3f7       0x64 obj\debug\spl\src\delay.o
 .debug_macro   0x0000b45b       0x82 obj\debug\spl\src\delay.o
 .debug_macro   0x0000b4dd      0x3e2 obj\debug\spl\src\delay.o
 .debug_macro   0x0000b8bf       0x58 obj\debug\spl\src\delay.o
 .debug_macro   0x0000b917      0x341 obj\debug\spl\src\delay.o
 .debug_macro   0x0000bc58      0x2c4 obj\debug\spl\src\delay.o
 .debug_macro   0x0000bf1c      0x711 obj\debug\spl\src\delay.o
 .debug_macro   0x0000c62d      0x220 obj\debug\spl\src\delay.o
 .debug_macro   0x0000c84d       0x34 obj\debug\spl\src\delay.o
 .debug_macro   0x0000c881       0x8b obj\debug\spl\src\delay.o
 .debug_macro   0x0000c90c       0x35 obj\debug\spl\src\delay.o
 .debug_macro   0x0000c941      0x1a0 obj\debug\spl\src\driver_uart.o
 .debug_macro   0x0000cae1      0x19e obj\debug\spl\src\misc.o
 .debug_macro   0x0000cc7f       0x85 obj\debug\spl\src\misc.o
 .debug_macro   0x0000cd04      0x1e6 obj\debug\spl\src\stm32f10x_gpio.o
 .debug_macro   0x0000ceea      0x2a6 obj\debug\spl\src\stm32f10x_gpio.o
 .debug_macro   0x0000d190      0x2b4 obj\debug\spl\src\stm32f10x_rcc.o
 .debug_macro   0x0000d444      0x3dc obj\debug\spl\src\stm32f10x_rcc.o
 .debug_macro   0x0000d820      0x24c obj\debug\spl\src\stm32f10x_usart.o
 .debug_macro   0x0000da6c      0x21a obj\debug\spl\src\stm32f10x_usart.o
 .debug_macro   0x0000dc86      0x296 obj\debug\src\main.o
 .debug_macro   0x0000df1c       0x22 obj\debug\src\main.o
 .debug_macro   0x0000df3e      0x19b obj\debug\src\system_stm32f10x.o

.debug_line     0x00000000     0x37c7
 .debug_line    0x00000000      0x532 obj\debug\spl\src\delay.o
 .debug_line    0x00000532      0x616 obj\debug\spl\src\driver_uart.o
 .debug_line    0x00000b48      0x50e obj\debug\spl\src\misc.o
 .debug_line    0x00001056      0x7f6 obj\debug\spl\src\stm32f10x_gpio.o
 .debug_line    0x0000184c      0x992 obj\debug\spl\src\stm32f10x_rcc.o
 .debug_line    0x000021de      0x929 obj\debug\spl\src\stm32f10x_usart.o
 .debug_line    0x00002b07      0x67f obj\debug\src\main.o
 .debug_line    0x00003186       0xa8 obj\debug\src\startup_stm32f10x_md.o
 .debug_line    0x0000322e      0x599 obj\debug\src\system_stm32f10x.o

.debug_str      0x00000000    0x53eb7
 .debug_str     0x00000000    0x4ee75 obj\debug\spl\src\delay.o
                              0x4efef (size before relaxing)
 .debug_str     0x0004ee75      0x689 obj\debug\spl\src\driver_uart.o
                              0x4f5c8 (size before relaxing)
 .debug_str     0x0004f4fe      0x19a obj\debug\spl\src\misc.o
                              0x4f19f (size before relaxing)
 .debug_str     0x0004f698      0x488 obj\debug\spl\src\stm32f10x_gpio.o
                              0x4f511 (size before relaxing)
 .debug_str     0x0004fb20      0xb49 obj\debug\spl\src\stm32f10x_rcc.o
                              0x4faf7 (size before relaxing)
 .debug_str     0x00050669      0x753 obj\debug\spl\src\stm32f10x_usart.o
                              0x4f821 (size before relaxing)
 .debug_str     0x00050dbc     0x302b obj\debug\src\main.o
                              0x52200 (size before relaxing)
 .debug_str     0x00053de7       0x29 obj\debug\src\startup_stm32f10x_md.o
                                 0x3f (size before relaxing)
 .debug_str     0x00053e10       0xa7 obj\debug\src\system_stm32f10x.o
                              0x4f0c2 (size before relaxing)

.debug_frame    0x00000000     0x1c1c
 .debug_frame   0x00000000      0x138 obj\debug\spl\src\delay.o
 .debug_frame   0x00000138      0x134 obj\debug\spl\src\driver_uart.o
 .debug_frame   0x0000026c       0xd8 obj\debug\spl\src\misc.o
 .debug_frame   0x00000344      0x2d0 obj\debug\spl\src\stm32f10x_gpio.o
 .debug_frame   0x00000614      0x4f4 obj\debug\spl\src\stm32f10x_rcc.o
 .debug_frame   0x00000b08      0x490 obj\debug\spl\src\stm32f10x_usart.o
 .debug_frame   0x00000f98       0xb8 obj\debug\src\main.o
 .debug_frame   0x00001050       0x98 obj\debug\src\system_stm32f10x.o
 .debug_frame   0x000010e8       0x28 c:/program files (x86)/embitz/2.00/share/armgcc/bin/../lib/gcc/arm-none-eabi/9.3.1/../../../../arm-none-eabi/lib/thumb/v7-m/nofp\libg_nano.a(lib_a-exit.o)
 .debug_frame   0x00001110       0x2c c:/program files (x86)/embitz/2.00/share/armgcc/bin/../lib/gcc/arm-none-eabi/9.3.1/../../../../arm-none-eabi/lib/thumb/v7-m/nofp\libg_nano.a(lib_a-init.o)
 .debug_frame   0x0000113c       0x20 c:/program files (x86)/embitz/2.00/share/armgcc/bin/../lib/gcc/arm-none-eabi/9.3.1/../../../../arm-none-eabi/lib/thumb/v7-m/nofp\libg_nano.a(lib_a-memset.o)
 .debug_frame   0x0000115c       0x74 c:/program files (x86)/embitz/2.00/share/armgcc/bin/../lib/gcc/arm-none-eabi/9.3.1/../../../../arm-none-eabi/lib/thumb/v7-m/nofp\libg_nano.a(lib_a-printf.o)
 .debug_frame   0x000011d0       0x6c c:/program files (x86)/embitz/2.00/share/armgcc/bin/../lib/gcc/arm-none-eabi/9.3.1/../../../../arm-none-eabi/lib/thumb/v7-m/nofp\libg_nano.a(lib_a-sprintf.o)
 .debug_frame   0x0000123c       0x20 c:/program files (x86)/embitz/2.00/share/armgcc/bin/../lib/gcc/arm-none-eabi/9.3.1/../../../../arm-none-eabi/lib/thumb/v7-m/nofp\libg_nano.a(lib_a-strchr.o)
 .debug_frame   0x0000125c       0x20 c:/program files (x86)/embitz/2.00/share/armgcc/bin/../lib/gcc/arm-none-eabi/9.3.1/../../../../arm-none-eabi/lib/thumb/v7-m/nofp\libg_nano.a(lib_a-strcpy.o)
 .debug_frame   0x0000127c       0x30 c:/program files (x86)/embitz/2.00/share/armgcc/bin/../lib/gcc/arm-none-eabi/9.3.1/../../../../arm-none-eabi/lib/thumb/v7-m/nofp\libg_nano.a(lib_a-strstr.o)
 .debug_frame   0x000012ac      0x14c c:/program files (x86)/embitz/2.00/share/armgcc/bin/../lib/gcc/arm-none-eabi/9.3.1/../../../../arm-none-eabi/lib/thumb/v7-m/nofp\libg_nano.a(lib_a-findfp.o)
 .debug_frame   0x000013f8       0x54 c:/program files (x86)/embitz/2.00/share/armgcc/bin/../lib/gcc/arm-none-eabi/9.3.1/../../../../arm-none-eabi/lib/thumb/v7-m/nofp\libg_nano.a(lib_a-fwalk.o)
 .debug_frame   0x0000144c       0xb0 c:/program files (x86)/embitz/2.00/share/armgcc/bin/../lib/gcc/arm-none-eabi/9.3.1/../../../../arm-none-eabi/lib/thumb/v7-m/nofp\libg_nano.a(lib_a-lock.o)
 .debug_frame   0x000014fc       0x30 c:/program files (x86)/embitz/2.00/share/armgcc/bin/../lib/gcc/arm-none-eabi/9.3.1/../../../../arm-none-eabi/lib/thumb/v7-m/nofp\libg_nano.a(lib_a-nano-mallocr.o)
 .debug_frame   0x0000152c       0x90 c:/program files (x86)/embitz/2.00/share/armgcc/bin/../lib/gcc/arm-none-eabi/9.3.1/../../../../arm-none-eabi/lib/thumb/v7-m/nofp\libg_nano.a(lib_a-nano-svfprintf.o)
 .debug_frame   0x000015bc       0xac c:/program files (x86)/embitz/2.00/share/armgcc/bin/../lib/gcc/arm-none-eabi/9.3.1/../../../../arm-none-eabi/lib/thumb/v7-m/nofp\libg_nano.a(lib_a-nano-vfprintf.o)
 .debug_frame   0x00001668       0x60 c:/program files (x86)/embitz/2.00/share/armgcc/bin/../lib/gcc/arm-none-eabi/9.3.1/../../../../arm-none-eabi/lib/thumb/v7-m/nofp\libg_nano.a(lib_a-nano-vfprintf_i.o)
 .debug_frame   0x000016c8       0x2c c:/program files (x86)/embitz/2.00/share/armgcc/bin/../lib/gcc/arm-none-eabi/9.3.1/../../../../arm-none-eabi/lib/thumb/v7-m/nofp\libg_nano.a(lib_a-sbrkr.o)
 .debug_frame   0x000016f4       0x88 c:/program files (x86)/embitz/2.00/share/armgcc/bin/../lib/gcc/arm-none-eabi/9.3.1/../../../../arm-none-eabi/lib/thumb/v7-m/nofp\libg_nano.a(lib_a-stdio.o)
 .debug_frame   0x0000177c       0x40 c:/program files (x86)/embitz/2.00/share/armgcc/bin/../lib/gcc/arm-none-eabi/9.3.1/../../../../arm-none-eabi/lib/thumb/v7-m/nofp\libg_nano.a(lib_a-wbuf.o)
 .debug_frame   0x000017bc       0x2c c:/program files (x86)/embitz/2.00/share/armgcc/bin/../lib/gcc/arm-none-eabi/9.3.1/../../../../arm-none-eabi/lib/thumb/v7-m/nofp\libg_nano.a(lib_a-writer.o)
 .debug_frame   0x000017e8       0x2c c:/program files (x86)/embitz/2.00/share/armgcc/bin/../lib/gcc/arm-none-eabi/9.3.1/../../../../arm-none-eabi/lib/thumb/v7-m/nofp\libg_nano.a(lib_a-wsetup.o)
 .debug_frame   0x00001814       0x2c c:/program files (x86)/embitz/2.00/share/armgcc/bin/../lib/gcc/arm-none-eabi/9.3.1/../../../../arm-none-eabi/lib/thumb/v7-m/nofp\libg_nano.a(lib_a-closer.o)
 .debug_frame   0x00001840       0x5c c:/program files (x86)/embitz/2.00/share/armgcc/bin/../lib/gcc/arm-none-eabi/9.3.1/../../../../arm-none-eabi/lib/thumb/v7-m/nofp\libg_nano.a(lib_a-fflush.o)
 .debug_frame   0x0000189c       0x2c c:/program files (x86)/embitz/2.00/share/armgcc/bin/../lib/gcc/arm-none-eabi/9.3.1/../../../../arm-none-eabi/lib/thumb/v7-m/nofp\libg_nano.a(lib_a-lseekr.o)
 .debug_frame   0x000018c8       0x58 c:/program files (x86)/embitz/2.00/share/armgcc/bin/../lib/gcc/arm-none-eabi/9.3.1/../../../../arm-none-eabi/lib/thumb/v7-m/nofp\libg_nano.a(lib_a-makebuf.o)
 .debug_frame   0x00001920       0x28 c:/program files (x86)/embitz/2.00/share/armgcc/bin/../lib/gcc/arm-none-eabi/9.3.1/../../../../arm-none-eabi/lib/thumb/v7-m/nofp\libg_nano.a(lib_a-memchr-stub.o)
 .debug_frame   0x00001948       0x28 c:/program files (x86)/embitz/2.00/share/armgcc/bin/../lib/gcc/arm-none-eabi/9.3.1/../../../../arm-none-eabi/lib/thumb/v7-m/nofp\libg_nano.a(lib_a-memcpy-stub.o)
 .debug_frame   0x00001970       0x28 c:/program files (x86)/embitz/2.00/share/armgcc/bin/../lib/gcc/arm-none-eabi/9.3.1/../../../../arm-none-eabi/lib/thumb/v7-m/nofp\libg_nano.a(lib_a-memmove.o)
 .debug_frame   0x00001998       0x30 c:/program files (x86)/embitz/2.00/share/armgcc/bin/../lib/gcc/arm-none-eabi/9.3.1/../../../../arm-none-eabi/lib/thumb/v7-m/nofp\libg_nano.a(lib_a-mlock.o)
 .debug_frame   0x000019c8       0x38 c:/program files (x86)/embitz/2.00/share/armgcc/bin/../lib/gcc/arm-none-eabi/9.3.1/../../../../arm-none-eabi/lib/thumb/v7-m/nofp\libg_nano.a(lib_a-nano-freer.o)
 .debug_frame   0x00001a00       0x3c c:/program files (x86)/embitz/2.00/share/armgcc/bin/../lib/gcc/arm-none-eabi/9.3.1/../../../../arm-none-eabi/lib/thumb/v7-m/nofp\libg_nano.a(lib_a-nano-reallocr.o)
 .debug_frame   0x00001a3c       0x2c c:/program files (x86)/embitz/2.00/share/armgcc/bin/../lib/gcc/arm-none-eabi/9.3.1/../../../../arm-none-eabi/lib/thumb/v7-m/nofp\libg_nano.a(lib_a-readr.o)
 .debug_frame   0x00001a68       0x5c c:/program files (x86)/embitz/2.00/share/armgcc/bin/../lib/gcc/arm-none-eabi/9.3.1/../../../../arm-none-eabi/lib/thumb/v7-m/nofp\libg_nano.a(lib_a-reent.o)
 .debug_frame   0x00001ac4       0x2c c:/program files (x86)/embitz/2.00/share/armgcc/bin/../lib/gcc/arm-none-eabi/9.3.1/../../../../arm-none-eabi/lib/thumb/v7-m/nofp\libg_nano.a(lib_a-fstatr.o)
 .debug_frame   0x00001af0       0x2c c:/program files (x86)/embitz/2.00/share/armgcc/bin/../lib/gcc/arm-none-eabi/9.3.1/../../../../arm-none-eabi/lib/thumb/v7-m/nofp\libg_nano.a(lib_a-isattyr.o)
 .debug_frame   0x00001b1c       0x20 c:/program files (x86)/embitz/2.00/share/armgcc/bin/../lib/gcc/arm-none-eabi/9.3.1/../../../../arm-none-eabi/lib/thumb/v7-m/nofp\libg_nano.a(lib_a-nano-msizer.o)
 .debug_frame   0x00001b3c       0x20 c:/program files (x86)/embitz/2.00/share/armgcc/bin/../lib/gcc/arm-none-eabi/9.3.1/../../../../arm-none-eabi/lib/thumb/v7-m/nofp\libnosys.a(close.o)
 .debug_frame   0x00001b5c       0x20 c:/program files (x86)/embitz/2.00/share/armgcc/bin/../lib/gcc/arm-none-eabi/9.3.1/../../../../arm-none-eabi/lib/thumb/v7-m/nofp\libnosys.a(fstat.o)
 .debug_frame   0x00001b7c       0x20 c:/program files (x86)/embitz/2.00/share/armgcc/bin/../lib/gcc/arm-none-eabi/9.3.1/../../../../arm-none-eabi/lib/thumb/v7-m/nofp\libnosys.a(isatty.o)
 .debug_frame   0x00001b9c       0x20 c:/program files (x86)/embitz/2.00/share/armgcc/bin/../lib/gcc/arm-none-eabi/9.3.1/../../../../arm-none-eabi/lib/thumb/v7-m/nofp\libnosys.a(lseek.o)
 .debug_frame   0x00001bbc       0x20 c:/program files (x86)/embitz/2.00/share/armgcc/bin/../lib/gcc/arm-none-eabi/9.3.1/../../../../arm-none-eabi/lib/thumb/v7-m/nofp\libnosys.a(read.o)
 .debug_frame   0x00001bdc       0x20 c:/program files (x86)/embitz/2.00/share/armgcc/bin/../lib/gcc/arm-none-eabi/9.3.1/../../../../arm-none-eabi/lib/thumb/v7-m/nofp\libnosys.a(sbrk.o)
 .debug_frame   0x00001bfc       0x20 c:/program files (x86)/embitz/2.00/share/armgcc/bin/../lib/gcc/arm-none-eabi/9.3.1/../../../../arm-none-eabi/lib/thumb/v7-m/nofp\libnosys.a(_exit.o)

.stab           0x00000000       0x84
 .stab          0x00000000       0x24 c:/program files (x86)/embitz/2.00/share/armgcc/bin/../lib/gcc/arm-none-eabi/9.3.1/../../../../arm-none-eabi/lib/thumb/v7-m/nofp\libnosys.a(close.o)
 .stab          0x00000024       0x18 c:/program files (x86)/embitz/2.00/share/armgcc/bin/../lib/gcc/arm-none-eabi/9.3.1/../../../../arm-none-eabi/lib/thumb/v7-m/nofp\libnosys.a(fstat.o)
                                 0x24 (size before relaxing)
 .stab          0x0000003c       0x18 c:/program files (x86)/embitz/2.00/share/armgcc/bin/../lib/gcc/arm-none-eabi/9.3.1/../../../../arm-none-eabi/lib/thumb/v7-m/nofp\libnosys.a(isatty.o)
                                 0x24 (size before relaxing)
 .stab          0x00000054       0x18 c:/program files (x86)/embitz/2.00/share/armgcc/bin/../lib/gcc/arm-none-eabi/9.3.1/../../../../arm-none-eabi/lib/thumb/v7-m/nofp\libnosys.a(lseek.o)
                                 0x24 (size before relaxing)
 .stab          0x0000006c       0x18 c:/program files (x86)/embitz/2.00/share/armgcc/bin/../lib/gcc/arm-none-eabi/9.3.1/../../../../arm-none-eabi/lib/thumb/v7-m/nofp\libnosys.a(read.o)
                                 0x24 (size before relaxing)

.stabstr        0x00000000      0x117
 .stabstr       0x00000000      0x117 c:/program files (x86)/embitz/2.00/share/armgcc/bin/../lib/gcc/arm-none-eabi/9.3.1/../../../../arm-none-eabi/lib/thumb/v7-m/nofp\libnosys.a(close.o)
